// Jest Snapshot v1, https://goo.gl/fbAQLP

exports[`sample snapshot 1`] = `
<div>
  <div
    class="sc-bdfBwQ iYkQxA"
  >
    Hi
  </div>
</div>
`;
